Testing get_db_schema...
Traceback (most recent call last):
  File "/home/lander/Projects/adk-python/adk-deep-research/test_server.py", line 46, in <module>
    asyncio.run(test_tools())
  File "/home/lander/.local/share/uv/python/cpython-3.12.12-linux-x86_64-gnu/lib/python3.12/asyncio/runners.py", line 195, in run
    return runner.run(main)
           ^^^^^^^^^^^^^^^^
  File "/home/lander/.local/share/uv/python/cpython-3.12.12-linux-x86_64-gnu/lib/python3.12/asyncio/runners.py", line 118, in run
    return self._loop.run_until_complete(task)
           ^^^^^^^^^^^^^^^^^^^^^^^^^^^^^^^^^^^
  File "/home/lander/.local/share/uv/python/cpython-3.12.12-linux-x86_64-gnu/lib/python3.12/asyncio/base_events.py", line 691, in run_until_complete
    return future.result()
           ^^^^^^^^^^^^^^^
  File "/home/lander/Projects/adk-python/adk-deep-research/test_server.py", line 20, in test_tools
    schema = get_db_schema()
             ^^^^^^^^^^^^^^^
TypeError: 'FunctionTool' object is not callable
